This is pdfTeX, Version 3.141592653-2.6-1.40.28 (TeX Live 2025) (preloaded format=pdflatex 2025.6.11)  10 OCT 2026 16:37
entering extended mode
 restricted \write18 enabled.
 %&-line parsing enabled.
**main.tex
(./main.tex
LaTeX2e <2025-06-01> patch level 1
L3 programming layer <2025-05-26>
(./IEEEtran.cls
Document Class: IEEEtran 2015/08/26 V1.8b by Michael Shell
-- See the "IEEEtran_HOWTO" manual for usage information.
-- http://www.michaelshell.org/tex/ieeetran/
\@IEEEtrantmpdimenA=\dimen148
\@IEEEtrantmpdimenB=\dimen149
\@IEEEtrantmpdimenC=\dimen150
\@IEEEtrantmpcountA=\count275
\@IEEEtrantmpcountB=\count276
\@IEEEtrantmpcountC=\count277
\@IEEEtrantmptoksA=\toks17
LaTeX Font Info:    Trying to load font information for OT1+ptm on input line 503.
(c:/Users/ADMIN/AppData/Roaming/TinyTeX/texmf-dist/tex/latex/psnfss/ot1ptm.fd
File: ot1ptm.fd 2001/06/04 font definitions for OT1/ptm.
)
-- Using 8.5in x 11in (letter) paper.
-- Using PDF output.
\@IEEEnormalsizeunitybaselineskip=\dimen151
-- This is a 10 point document.
LaTeX Encoding Info:    Redeclaring text command \textunderscore (encoding ?) on input line 937.
\CLASSINFOnormalsizebaselineskip=\dimen152
\CLASSINFOnormalsizeunitybaselineskip=\dimen153
\IEEEnormaljot=\dimen154
LaTeX Font Info:    Font shape `OT1/ptm/bx/n' in size <5> not available
(Font)              Font shape `OT1/ptm/b/n' tried instead on input line 1090.
LaTeX Font Info:    Font shape `OT1/ptm/bx/it' in size <5> not available
(Font)              Font shape `OT1/ptm/b/it' tried instead on input line 1090.
LaTeX Font Info:    Font shape `OT1/ptm/bx/n' in size <7> not available
(Font)              Font shape `OT1/ptm/b/n' tried instead on input line 1090.
LaTeX Font Info:    Font shape `OT1/ptm/bx/it' in size <7> not available
(Font)              Font shape `OT1/ptm/b/it' tried instead on input line 1090.
LaTeX Font Info:    Font shape `OT1/ptm/bx/n' in size <8> not available
(Font)              Font shape `OT1/ptm/b/n' tried instead on input line 1090.
LaTeX Font Info:    Font shape `OT1/ptm/bx/it' in size <8> not available
(Font)              Font shape `OT1/ptm/b/it' tried instead on input line 1090.
LaTeX Font Info:    Font shape `OT1/ptm/bx/n' in size <9> not available
(Font)              Font shape `OT1/ptm/b/n' tried instead on input line 1090.
LaTeX Font Info:    Font shape `OT1/ptm/bx/it' in size <9> not available
(Font)              Font shape `OT1/ptm/b/it' tried instead on input line 1090.
LaTeX Font Info:    Font shape `OT1/ptm/bx/n' in size <10> not available
(Font)              Font shape `OT1/ptm/b/n' tried instead on input line 1090.
LaTeX Font Info:    Font shape `OT1/ptm/bx/it' in size <10> not available
(Font)              Font shape `OT1/ptm/b/it' tried instead on input line 1090.
LaTeX Font Info:    Font shape `OT1/ptm/bx/n' in size <11> not available
(Font)              Font shape `OT1/ptm/b/n' tried instead on input line 1090.
LaTeX Font Info:    Font shape `OT1/ptm/bx/it' in size <11> not available
(Font)              Font shape `OT1/ptm/b/it' tried instead on input line 1090.
LaTeX Font Info:    Font shape `OT1/ptm/bx/n' in size <12> not available
(Font)              Font shape `OT1/ptm/b/n' tried instead on input line 1090.
LaTeX Font Info:    Font shape `OT1/ptm/bx/it' in size <12> not available
(Font)              Font shape `OT1/ptm/b/it' tried instead on input line 1090.
LaTeX Font Info:    Font shape `OT1/ptm/bx/n' in size <17> not available
(Font)              Font shape `OT1/ptm/b/n' tried instead on input line 1090.
LaTeX Font Info:    Font shape `OT1/ptm/bx/it' in size <17> not available
(Font)              Font shape `OT1/ptm/b/it' tried instead on input line 1090.
LaTeX Font Info:    Font shape `OT1/ptm/bx/n' in size <20> not available
(Font)              Font shape `OT1/ptm/b/n' tried instead on input line 1090.
LaTeX Font Info:    Font shape `OT1/ptm/bx/it' in size <20> not available
(Font)              Font shape `OT1/ptm/b/it' tried instead on input line 1090.
LaTeX Font Info:    Font shape `OT1/ptm/bx/n' in size <24> not available
(Font)              Font shape `OT1/ptm/b/n' tried instead on input line 1090.
LaTeX Font Info:    Font shape `OT1/ptm/bx/it' in size <24> not available
(Font)              Font shape `OT1/ptm/b/it' tried instead on input line 1090.
\IEEEquantizedlength=\dimen155
\IEEEquantizedlengthdiff=\dimen156
\IEEEquantizedtextheightdiff=\dimen157
\IEEEilabelindentA=\dimen158
\IEEEilabelindentB=\dimen159
\IEEEilabelindent=\dimen160
\IEEEelabelindent=\dimen161
\IEEEdlabelindent=\dimen162
\IEEElabelindent=\dimen163
\IEEEiednormlabelsep=\dimen164
\IEEEiedmathlabelsep=\dimen165
\IEEEiedtopsep=\skip49
\c@section=\count278
\c@subsection=\count279
\c@subsubsection=\count280
\c@paragraph=\count281
\c@IEEEsubequation=\count282
\abovecaptionskip=\skip50
\belowcaptionskip=\skip51
\c@figure=\count283
\c@table=\count284
\@IEEEeqnnumcols=\count285
\@IEEEeqncolcnt=\count286
\@IEEEsubeqnnumrollback=\count287
\@IEEEquantizeheightA=\dimen166
\@IEEEquantizeheightB=\dimen167
\@IEEEquantizeheightC=\dimen168
\@IEEEquantizeprevdepth=\dimen169
\@IEEEquantizemultiple=\count288
\@IEEEquantizeboxA=\box53
\@IEEEtmpitemindent=\dimen170
\IEEEPARstartletwidth=\dimen171
\c@IEEEbiography=\count289
\@IEEEtranrubishbin=\box54
)
** ATTENTION: Overriding command lockouts (line 2).
(./cite.sty
LaTeX Info: Redefining \cite on input line 302.
LaTeX Info: Redefining \nocite on input line 332.
Package: cite 2015/02/27  v 5.5
) (c:/Users/ADMIN/AppData/Roaming/TinyTeX/texmf-dist/tex/latex/amsmath/amsmath.sty
Package: amsmath 2025/05/18 v2.17x AMS math features
\@mathmargin=\skip52

For additional information on amsmath, use the `?' option.
(c:/Users/ADMIN/AppData/Roaming/TinyTeX/texmf-dist/tex/latex/amsmath/amstext.sty
Package: amstext 2024/11/17 v2.01 AMS text
 (c:/Users/ADMIN/AppData/Roaming/TinyTeX/texmf-dist/tex/latex/amsmath/amsgen.sty
File: amsgen.sty 1999/11/30 v2.0 generic functions
\@emptytoks=\toks18
\ex@=\dimen172
)) (c:/Users/ADMIN/AppData/Roaming/TinyTeX/texmf-dist/tex/latex/amsmath/amsbsy.sty
Package: amsbsy 1999/11/29 v1.2d Bold Symbols
\pmbraise@=\dimen173
) (c:/Users/ADMIN/AppData/Roaming/TinyTeX/texmf-dist/tex/latex/amsmath/amsopn.sty
Package: amsopn 2022/04/08 v2.04 operator names
)
\inf@bad=\count290
LaTeX Info: Redefining \frac on input line 233.
\uproot@=\count291
\leftroot@=\count292
LaTeX Info: Redefining \overline on input line 398.
LaTeX Info: Redefining \colon on input line 409.
\classnum@=\count293
\DOTSCASE@=\count294
LaTeX Info: Redefining \ldots on input line 495.
LaTeX Info: Redefining \dots on input line 498.
LaTeX Info: Redefining \cdots on input line 619.
\Mathstrutbox@=\box55
\strutbox@=\box56
LaTeX Info: Redefining \big on input line 721.
LaTeX Info: Redefining \Big on input line 722.
LaTeX Info: Redefining \bigg on input line 723.
LaTeX Info: Redefining \Bigg on input line 724.
\big@size=\dimen174
LaTeX Font Info:    Redeclaring font encoding OML on input line 742.
LaTeX Font Info:    Redeclaring font encoding OMS on input line 743.
\macc@depth=\count295
LaTeX Info: Redefining \bmod on input line 904.
LaTeX Info: Redefining \pmod on input line 909.
LaTeX Info: Redefining \smash on input line 939.
LaTeX Info: Redefining \relbar on input line 969.
LaTeX Info: Redefining \Relbar on input line 970.
\c@MaxMatrixCols=\count296
\dotsspace@=\muskip17
\c@parentequation=\count297
\dspbrk@lvl=\count298
\tag@help=\toks19
\row@=\count299
\column@=\count300
\maxfields@=\count301
\andhelp@=\toks20
\eqnshift@=\dimen175
\alignsep@=\dimen176
\tagshift@=\dimen177
\tagwidth@=\dimen178
\totwidth@=\dimen179
\lineht@=\dimen180
\@envbody=\toks21
\multlinegap=\skip53
\multlinetaggap=\skip54
\mathdisplay@stack=\toks22
LaTeX Info: Redefining \[ on input line 2949.
LaTeX Info: Redefining \] on input line 2950.
) (c:/Users/ADMIN/AppData/Roaming/TinyTeX/texmf-dist/tex/latex/amsfonts/amssymb.sty
Package: amssymb 2013/01/14 v3.01 AMS font symbols
 (c:/Users/ADMIN/AppData/Roaming/TinyTeX/texmf-dist/tex/latex/amsfonts/amsfonts.sty
Package: amsfonts 2013/01/14 v3.01 Basic AMSFonts support
\symAMSa=\mathgroup4
\symAMSb=\mathgroup5
LaTeX Font Info:    Redeclaring math symbol \hbar on input line 98.
LaTeX Font Info:    Overwriting math alphabet `\mathfrak' in version `bold'
(Font)                  U/euf/m/n --> U/euf/b/n on input line 106.
)) (c:/Users/ADMIN/AppData/Roaming/TinyTeX/texmf-dist/tex/latex/graphics/graphicx.sty
Package: graphicx 2024/12/31 v1.2e Enhanced LaTeX Graphics (DPC,SPQR)
 (c:/Users/ADMIN/AppData/Roaming/TinyTeX/texmf-dist/tex/latex/graphics/keyval.sty
Package: keyval 2022/05/29 v1.15 key=value parser (DPC)
\KV@toks@=\toks23
) (c:/Users/ADMIN/AppData/Roaming/TinyTeX/texmf-dist/tex/latex/graphics/graphics.sty
Package: graphics 2024/08/06 v1.4g Standard LaTeX Graphics (DPC,SPQR)
 (c:/Users/ADMIN/AppData/Roaming/TinyTeX/texmf-dist/tex/latex/graphics/trig.sty
Package: trig 2023/12/02 v1.11 sin cos tan (DPC)
) (c:/Users/ADMIN/AppData/Roaming/TinyTeX/texmf-dist/tex/latex/graphics-cfg/graphics.cfg
File: graphics.cfg 2016/06/04 v1.11 sample graphics configuration
)
Package graphics Info: Driver file: pdftex.def on input line 106.
 (c:/Users/ADMIN/AppData/Roaming/TinyTeX/texmf-dist/tex/latex/graphics-def/pdftex.def
File: pdftex.def 2024/04/13 v1.2c Graphics/color driver for pdftex
))
\Gin@req@height=\dimen181
\Gin@req@width=\dimen182
) (c:/Users/ADMIN/AppData/Roaming/TinyTeX/texmf-dist/tex/latex/base/textcomp.sty
Package: textcomp 2024/04/24 v2.1b Standard LaTeX package
) (c:/Users/ADMIN/AppData/Roaming/TinyTeX/texmf-dist/tex/latex/xcolor/xcolor.sty
Package: xcolor 2024/09/29 v3.02 LaTeX color extensions (UK)
 (c:/Users/ADMIN/AppData/Roaming/TinyTeX/texmf-dist/tex/latex/graphics-cfg/color.cfg
File: color.cfg 2016/01/02 v1.6 sample color configuration
)
Package xcolor Info: Driver file: pdftex.def on input line 274.
 (c:/Users/ADMIN/AppData/Roaming/TinyTeX/texmf-dist/tex/latex/graphics/mathcolor.ltx)
Package xcolor Info: Model `cmy' substituted by `cmy0' on input line 1349.
Package xcolor Info: Model `hsb' substituted by `rgb' on input line 1353.
Package xcolor Info: Model `RGB' extended on input line 1365.
Package xcolor Info: Model `HTML' substituted by `rgb' on input line 1367.
Package xcolor Info: Model `Hsb' substituted by `hsb' on input line 1368.
Package xcolor Info: Model `tHsb' substituted by `hsb' on input line 1369.
Package xcolor Info: Model `HSB' substituted by `hsb' on input line 1370.
Package xcolor Info: Model `Gray' substituted by `gray' on input line 1371.
Package xcolor Info: Model `wave' substituted by `hsb' on input line 1372.
) (c:/Users/ADMIN/AppData/Roaming/TinyTeX/texmf-dist/tex/latex/booktabs/booktabs.sty
Package: booktabs 2020/01/12 v1.61803398 Publication quality tables
\heavyrulewidth=\dimen183
\lightrulewidth=\dimen184
\cmidrulewidth=\dimen185
\belowrulesep=\dimen186
\belowbottomsep=\dimen187
\aboverulesep=\dimen188
\abovetopsep=\dimen189
\cmidrulesep=\dimen190
\cmidrulekern=\dimen191
\defaultaddspace=\dimen192
\@cmidla=\count302
\@cmidlb=\count303
\@aboverulesep=\dimen193
\@belowrulesep=\dimen194
\@thisruleclass=\count304
\@lastruleclass=\count305
\@thisrulewidth=\dimen195
) (c:/Users/ADMIN/AppData/Roaming/TinyTeX/texmf-dist/tex/latex/tools/array.sty
Package: array 2025/06/08 v2.6j Tabular extension package (FMi)
\col@sep=\dimen196
\ar@mcellbox=\box57
\extrarowheight=\dimen197
\NC@list=\toks24
\extratabsurround=\skip55
\backup@length=\skip56
\ar@cellbox=\box58
) (c:/Users/ADMIN/AppData/Roaming/TinyTeX/texmf-dist/tex/latex/url/url.sty
\Urlmuskip=\muskip18
Package: url 2013/09/16  ver 3.4  Verb mode for urls, etc.
) (c:/Users/ADMIN/AppData/Roaming/TinyTeX/texmf-dist/tex/latex/l3backend/l3backend-pdftex.def
File: l3backend-pdftex.def 2025-04-14 L3 backend support: PDF output (pdfTeX)
\l__color_backend_stack_int=\count306
) (./main.aux)
\openout1 = `main.aux'.

LaTeX Font Info:    Checking defaults for OML/cmm/m/it on input line 45.
LaTeX Font Info:    ... okay on input line 45.
LaTeX Font Info:    Checking defaults for OMS/cmsy/m/n on input line 45.
LaTeX Font Info:    ... okay on input line 45.
LaTeX Font Info:    Checking defaults for OT1/cmr/m/n on input line 45.
LaTeX Font Info:    ... okay on input line 45.
LaTeX Font Info:    Checking defaults for T1/cmr/m/n on input line 45.
LaTeX Font Info:    ... okay on input line 45.
LaTeX Font Info:    Checking defaults for TS1/cmr/m/n on input line 45.
LaTeX Font Info:    ... okay on input line 45.
LaTeX Font Info:    Checking defaults for OMX/cmex/m/n on input line 45.
LaTeX Font Info:    ... okay on input line 45.
LaTeX Font Info:    Checking defaults for U/cmr/m/n on input line 45.
LaTeX Font Info:    ... okay on input line 45.

-- Lines per column: 56 (exact).
(c:/Users/ADMIN/AppData/Roaming/TinyTeX/texmf-dist/tex/latex/epstopdf-pkg/epstopdf-base.sty
Package: epstopdf-base 2020-01-24 v2.11 Base part for package epstopdf
Package epstopdf-base Info: Redefining graphics rule for `.eps' on input line 485.
 (c:/Users/ADMIN/AppData/Roaming/TinyTeX/texmf-dist/tex/latex/latexconfig/epstopdf-sys.cfg
File: epstopdf-sys.cfg 2010/07/13 v1.3 Configuration of (r)epstopdf for TeX Live
))
Underfull \hbox (badness 10000) in paragraph at lines 55--55
[][][]\OT1/ptm/m/n/8 This research is supported by FPT University. This paper is
 []


Underfull \hbox (badness 3657) in paragraph at lines 55--55
\OT1/ptm/m/n/8 prepared for presentation at the 2027 2nd International Conference
 []


Underfull \hbox (badness 1622) in paragraph at lines 57--59
\OT1/ptm/b/n/9 sites. However, edge-based surveillance pipelines encounter
 []


Underfull \hbox (badness 7326) in paragraph at lines 57--59
\OT1/ptm/b/n/9 addresses single-batch streaming latency bottlenecks by
 []


Underfull \hbox (badness 1735) in paragraph at lines 57--59
\OT1/ptm/b/n/9 filter background tokens and concentrate computation on
 []


Underfull \hbox (badness 1496) in paragraph at lines 57--59
\OT1/ptm/b/n/9 tiny targets. Model training is stabilized using decoupled
 []


Underfull \hbox (badness 1874) in paragraph at lines 57--59
\OT1/ptm/b/n/9 Dataset and the external Hard Hat Workers benchmark
 []


Underfull \hbox (badness 1496) in paragraph at lines 57--59
\OT1/ptm/b/n/9 GPUs and embedded devices. The end-to-end surveillance
 []


Underfull \hbox (badness 2368) in paragraph at lines 67--68
\OT1/ptm/m/n/10 across industrial construction sites to prevent traumatic
 []


Underfull \hbox (badness 4792) in paragraph at lines 67--68
\OT1/ptm/m/n/10 surveillance infrastructure remains challenging. Existing
 []




Underfull \hbox (badness 7291) in paragraph at lines 69--70
\OT1/ptm/m/n/10 (see Fig. 1[]): structural re-parameterization (RepConv)
 []


Underfull \hbox (badness 2735) in paragraph at lines 69--70
\OT1/ptm/m/n/10 blocks embedded in the feature aggregation neck that
 []


Underfull \hbox (badness 1478) in paragraph at lines 69--70
\OT1/ptm/m/n/10 maintain rich multi-branch representation during training
 []


Underfull \hbox (badness 2486) in paragraph at lines 69--70
\OT1/ptm/m/n/10 (BiFormer) to prune irrelevant background regions and
 []


Underfull \hbox (badness 1490) in paragraph at lines 71--72
\OT1/ptm/m/n/10 physical edge latency. Experimental results confirm that
 []


Underfull \hbox (badness 2027) in paragraph at lines 71--72
\OT1/ptm/m/n/10 structural re-parameterization eliminates runtime memory
 []


Underfull \hbox (badness 1406) in paragraph at lines 71--72
\OT1/ptm/m/n/10 of lightweight architectures while achieving substantially
 []



[1{c:/Users/ADMIN/AppData/Roaming/TinyTeX/texmf-var/fonts/map/pdftex/updmap/pdftex.map}{c:/Users/ADMIN/AppData/Roaming/TinyTeX/texmf-dist/fonts/enc/dvips/base/8r.enc}


]
Underfull \hbox (badness 1424) in paragraph at lines 73--74
\OT1/ptm/m/n/10 (1) Section II[] reviews related work in real-time object
 []


Underfull \hbox (badness 6808) in paragraph at lines 73--74
\OT1/ptm/m/n/10 details the architectural formulation and mathematical
 []


Underfull \hbox (badness 1817) in paragraph at lines 78--79
\OT1/ptm/m/n/10 through progressive architectural innovations, progressing
 []


Underfull \hbox (badness 2744) in paragraph at lines 78--79
\OT1/ptm/m/n/10 neck structures to decouple multi-branch training from
 []


Underfull \hbox (badness 2547) in paragraph at lines 78--79
\OT1/ptm/m/n/10 plain inference. Other contemporary approaches include
 []


Underfull \hbox (badness 1412) in paragraph at lines 78--79
\OT1/ptm/m/n/10 locality. Rep-YOLO11s preserves two-dimensional spatial
 []


Underfull \hbox (badness 6876) in paragraph at lines 80--81
[]\OT1/ptm/m/n/10 Within industrial safety vision, multiple specialized
 []


Underfull \hbox (badness 6608) in paragraph at lines 80--81
\OT1/ptm/m/n/10 operational conditions. Representative detectors include
 []


Underfull \hbox (badness 2865) in paragraph at lines 80--81
\OT1/ptm/m/n/10 reassembly at the cost of increased inference latency;
 []


Underfull \hbox (badness 1946) in paragraph at lines 80--81
\OT1/ptm/m/n/10 that increase memory access overhead. Similarly, while
 []


Underfull \hbox (badness 1533) in paragraph at lines 82--83
\OT1/ptm/m/n/10 shows that training-time multi-branch topologies can be
 []


Underfull \hbox (badness 1983) in paragraph at lines 82--83
\OT1/ptm/m/n/10 layers without proportional gains in detection accuracy.
 []



LaTeX Font Info:    Trying to load font information for U+msa on input line 122.
(c:/Users/ADMIN/AppData/Roaming/TinyTeX/texmf-dist/tex/latex/amsfonts/umsa.fd
File: umsa.fd 2013/01/14 v3.01 AMS symbols A
)
LaTeX Font Info:    Trying to load font information for U+msb on input line 122.
 (c:/Users/ADMIN/AppData/Roaming/TinyTeX/texmf-dist/tex/latex/amsfonts/umsb.fd
File: umsb.fd 2013/01/14 v3.01 AMS symbols B
)
<figures/rep_yolo11s_overall_ieee.png, id=9, 511.9125pt x 640.3925pt>
File: figures/rep_yolo11s_overall_ieee.png Graphic file (type png)
<use figures/rep_yolo11s_overall_ieee.png>
Package pdftex.def Info: figures/rep_yolo11s_overall_ieee.png  used on input line 129.
(pdftex.def)             Requested size: 252.0pt x 315.24126pt.
<figures/repconv_detail_ieee.png, id=10, 511.9125pt x 146.5475pt>
File: figures/repconv_detail_ieee.png Graphic file (type png)
<use figures/repconv_detail_ieee.png>
Package pdftex.def Info: figures/repconv_detail_ieee.png  used on input line 138.
(pdftex.def)             Requested size: 250.26031pt x 71.64342pt.
<figures/biformer_detail_ieee.png, id=11, 511.9125pt x 163.61125pt>
File: figures/biformer_detail_ieee.png Graphic file (type png)
<use figures/biformer_detail_ieee.png>
Package pdftex.def Info: figures/biformer_detail_ieee.png  used on input line 144.
(pdftex.def)             Requested size: 250.26031pt x 79.98546pt.

Underfull \hbox (badness 3271) in paragraph at lines 152--153
\OT1/ptm/m/n/10 a Structural Re-parameterized Backbone enhanced with
 []



[2 <./figures/rep_yolo11s_overall_ieee.png (PNG copy)>]


Underfull \hbox (badness 3260) in paragraph at lines 174--176
\OT1/ptm/m/n/10 This algebraic transformation converts the multi-branch
 []


Underfull \hbox (badness 1789) in paragraph at lines 181--182
\OT1/ptm/m/n/10 raw RGB input $\OML/cmm/m/it/10 X$ \OT1/ptm/m/n/10 with normalized spatial coordinates
 []


Underfull \hbox (badness 1424) in paragraph at lines 181--182
\OML/cmm/m/it/10 c[][]\OT1/cmr/m/n/10 64$\OT1/ptm/m/n/10 , $\OML/cmm/m/it/10 k[]\OT1/cmr/m/n/10 3$\OT1/ptm/m/n/10 , $\OML/cmm/m/it/10 s[]\OT1/cmr/m/n/10 2$\OT1/ptm/m/n/10 ). All subsequent backbone and neck
 []


Underfull \hbox (badness 1546) in paragraph at lines 181--182
\OT1/ptm/m/n/10 preserving global coordinate priors at negligible latency
 []



[3 <./figures/repconv_detail_ieee.png (PNG copy)> <./figures/biformer_detail_ieee.png (PNG copy)>]
Underfull \hbox (badness 6173) in paragraph at lines 202--204
\OT1/ptm/m/n/10 Non-zero gradients [] persist
 []


Underfull \hbox (badness 5939) in paragraph at lines 205--206
[] []\OT1/ptm/m/n/10 , dynamically selecting
 []




Underfull \hbox (badness 2512) in paragraph at lines 247--250
[]\OT1/ptm/m/n/10 We evaluate on the Safety Helmet Wearing Dataset
 []


Underfull \hbox (badness 2735) in paragraph at lines 247--250
\OT1/ptm/m/n/10 annotations while retaining all 7,581 authentic images.
 []


Underfull \hbox (badness 1803) in paragraph at lines 247--250
\OT1/ptm/m/n/10 grouping over all $\OT1/cmr/m/n/10 7\OML/cmm/m/it/10 ; \OT1/cmr/m/n/10 581$ \OT1/ptm/m/n/10 images, ensuring frames from
 []


Underfull \hbox (badness 1939) in paragraph at lines 247--250
\OT1/ptm/m/n/10 harsh occlusions ($\OT1/cmr/m/n/10 94\OML/cmm/m/it/10 :\OT1/cmr/m/n/10 83%$ $\OML/cmm/m/it/10 mAP[]$\OT1/ptm/m/n/10 , $\OT1/cmr/m/n/10 62\OML/cmm/m/it/10 :\OT1/cmr/m/n/10 54%$ $\OML/cmm/m/it/10 mAP[]$\OT1/ptm/m/n/10 ),
 []


Underfull \hbox (badness 1424) in paragraph at lines 253--254
[]\OT1/ptm/m/n/10 Models were trained on Kaggle Dual NVIDIA Tesla
 []


Underfull \hbox (badness 1552) in paragraph at lines 253--254
\OT1/ptm/m/n/10 T4 GPUs (16GB VRAM, PyTorch 2.5.1, CUDA 12.4)
 []


Underfull \hbox (badness 2564) in paragraph at lines 253--254
\OT1/ptm/m/n/10 for 100 epochs using SGD ($\OML/cmm/m/it/10 ^^Q[] \OT1/cmr/m/n/10 = 0\OML/cmm/m/it/10 :\OT1/cmr/m/n/10 01$\OT1/ptm/m/n/10 , momentum
 []


Underfull \hbox (badness 3557) in paragraph at lines 257--258
\OT1/ptm/m/n/10 on 1,517 test images explains the modest joint gain
 []


Underfull \hbox (badness 2469) in paragraph at lines 257--258
\OT1/ptm/m/n/10 ($\OT1/cmr/m/n/10 0\OML/cmm/m/it/10 :\OT1/cmr/m/n/10 9396$ \OT1/ptm/m/n/10 on CV). At $\OT1/cmr/m/n/10 960[]$ \OT1/ptm/m/n/10 where tiny helmet features
 []


Underfull \hbox (badness 4084) in paragraph at lines 257--258
[] \OT1/ptm/m/n/10 resolve, Hat-Only $\OML/cmm/m/it/10 mAP[]$ \OT1/ptm/m/n/10 surges to
 []



[4]
Underfull \hbox (badness 1484) in paragraph at lines 259--260
\OT1/ptm/m/n/10 outperforming baseline YOLO11s (6.52 ms, 153.3 FPS;
 []


Underfull \hbox (badness 1354) in paragraph at lines 259--260
\OT1/ptm/m/n/10 DABFNet [10] (9.45M, 26.8GFLOPs, $\OT1/cmr/m/n/10 94\OML/cmm/m/it/10 :\OT1/cmr/m/n/10 90% \OML/cmm/m/it/10 mAP[]$\OT1/ptm/m/n/10 ),
 []


Underfull \hbox (badness 1675) in paragraph at lines 259--260
\OT1/ptm/m/n/10 Against EC-YOLOv8 [7] ($\OT1/cmr/m/n/10 74\OML/cmm/m/it/10 :\OT1/cmr/m/n/10 60%$ \OT1/ptm/m/n/10 hat-only $\OML/cmm/m/it/10 mAP[]$\OT1/ptm/m/n/10 ),
 []


Underfull \hbox (badness 2229) in paragraph at lines 259--260
\OT1/ptm/m/n/10 Rep-YOLO11s reaches $[]$ at 640px and $[]$
 []


Underfull \hbox (badness 4569) in paragraph at lines 259--260
\OT1/ptm/m/n/10 Rep-YOLO11s confines RepConv to neck aggregation,
 []


Underfull \hbox (badness 3954) in paragraph at lines 263--264
[]\OT1/ptm/m/n/10 Component contributions on SHWD are detailed in
 []


Underfull \hbox (badness 1769) in paragraph at lines 263--264
\OT1/ptm/m/n/10 Table II[]. In TRT FP16, folding RepConv ($\OML/cmm/m/it/10 A[]$\OT1/ptm/m/n/10 ) lowers
 []


Underfull \hbox (badness 2443) in paragraph at lines 263--264
\OT1/cmr/m/n/10 +0\OML/cmm/m/it/10 :\OT1/cmr/m/n/10 24[]$ \OT1/ptm/m/n/10 routing overhead ($\OT1/cmr/m/n/10 2\OML/cmm/m/it/10 :\OT1/cmr/m/n/10 68 + 0\OML/cmm/m/it/10 :\OT1/cmr/m/n/10 24 = 2\OML/cmm/m/it/10 :\OT1/cmr/m/n/10 92[]$\OT1/ptm/m/n/10 ,
 []


Underfull \hbox (badness 1789) in paragraph at lines 263--264
\OT1/ptm/m/n/10 requires $\OT1/cmr/m/n/10 3\OML/cmm/m/it/10 :\OT1/cmr/m/n/10 18 + 0\OML/cmm/m/it/10 :\OT1/cmr/m/n/10 24 = 3\OML/cmm/m/it/10 :\OT1/cmr/m/n/10 42[]$ \OT1/ptm/m/n/10 ($\OT1/cmr/m/n/10 292\OML/cmm/m/it/10 :\OT1/cmr/m/n/10 4[]$\OT1/ptm/m/n/10 ), proving
 []


Underfull \hbox (badness 2573) in paragraph at lines 263--264
\OT1/ptm/m/n/10 vs. $\OT1/cmr/m/n/10 94\OML/cmm/m/it/10 :\OT1/cmr/m/n/10 33 \OMS/cmsy/m/n/10 ^^F \OT1/cmr/m/n/10 0\OML/cmm/m/it/10 :\OT1/cmr/m/n/10 18%$\OT1/ptm/m/n/10 ) due to worker bodies dominating
 []


Underfull \hbox (badness 3009) in paragraph at lines 263--264
\OT1/ptm/m/n/10 92.5% of labels ($\OT1/cmr/m/n/10 22\OML/cmm/m/it/10 ; \OT1/cmr/m/n/10 558$ \OT1/ptm/m/n/10 instances) with loose boxes,
 []


Underfull \hbox (badness 10000) in paragraph at lines 263--264
\OT1/ptm/m/n/10 per-class attribution confirms that $\OML/cmm/m/it/10 A[]$ \OT1/ptm/m/n/10 boosts helmet
 []


Underfull \hbox (badness 6775) in paragraph at lines 263--264
\OT1/ptm/m/n/10 EIoU penalties. At $\OT1/cmr/m/n/10 960[]$\OT1/ptm/m/n/10 , helmet $\OML/cmm/m/it/10 mAP[]$ \OT1/ptm/m/n/10 reaches
 []


Underfull \hbox (badness 1831) in paragraph at lines 298--301
\OT1/ptm/b/n/10 1) Harmonized Protocol & Annotation Discrepancy:
 []


Underfull \hbox (badness 1509) in paragraph at lines 298--301
\OT1/ptm/m/n/10 human bodies, whereas Hard Hat Workers [17] defines
 []


Underfull \hbox (badness 5548) in paragraph at lines 298--301
\OT1/ptm/m/n/10 standard protocol, Rep-YOLO11s achieves $[]$ at
 []


Underfull \hbox (badness 1629) in paragraph at lines 298--301
\OT1/ptm/m/n/10 Rep-YOLO11s surpasses baseline YOLO11s across both
 []


Underfull \hbox (badness 1629) in paragraph at lines 298--301
[]$ \OT1/ptm/m/n/10 vs $\OT1/cmr/m/n/10 94\OML/cmm/m/it/10 :\OT1/cmr/m/n/10 12%$ $\OML/cmm/m/it/10 mAP[]$ \OT1/ptm/m/n/10 (+2.91%) and $[]$ vs
 []


Underfull \hbox (badness 2343) in paragraph at lines 298--301
\OT1/ptm/m/n/10 it achieves $[]$ vs $\OT1/cmr/m/n/10 71\OML/cmm/m/it/10 :\OT1/cmr/m/n/10 85%$ $\OML/cmm/m/it/10 mAP[]$ \OT1/ptm/m/n/10 (+2.55%) and
 []


Underfull \hbox (badness 7133) in paragraph at lines 298--301
\OT1/ptm/m/n/10 priors, ensuring robust zero-shot transferability across
 []



<figures/shwd_gradcam_comparison.pdf, id=37, 827.25058pt x 598.87741pt>
File: figures/shwd_gradcam_comparison.pdf Graphic file (type pdf)
<use figures/shwd_gradcam_comparison.pdf>
Package pdftex.def Info: figures/shwd_gradcam_comparison.pdf  used on input line 306.
(pdftex.def)             Requested size: 131.04108pt x 94.86284pt.

Underfull \hbox (badness 7030) in paragraph at lines 307--307
\OT1/ptm/m/n/8 Row 3 (Structural Occlusion). (a) Input, (b) Baseline YOLO11s,
 []


Underfull \hbox (badness 6944) in paragraph at lines 319--320
\OT1/ptm/m/n/10 (8.78ms) and YOLOv10s (14.78ms). TensorRT FP16
 []


Underfull \hbox (badness 1603) in paragraph at lines 319--320
\OT1/ptm/m/n/10 accelerates inference to 4.37ms (228.6FPS, 28.4W) on
 []



[5 <./figures/shwd_gradcam_comparison.pdf>]
Underfull \hbox (badness 6542) in paragraph at lines 323--324
[]\OT1/ptm/m/n/10 The operational surveillance pipeline integrates five
 []


Underfull \hbox (badness 5711) in paragraph at lines 327--328
\OT1/ptm/m/n/10 Assignment. On SHWD, it achieves $\OT1/cmr/m/n/10 94\OML/cmm/m/it/10 :\OT1/cmr/m/n/10 83%$ $\OML/cmm/m/it/10 mAP[]$
 []


Underfull \hbox (badness 3482) in paragraph at lines 327--328
\OT1/ptm/m/n/10 on Tesla T4 and $\OT1/cmr/m/n/10 4\OML/cmm/m/it/10 :\OT1/cmr/m/n/10 37$\OT1/ptm/m/n/10 ms ($\OT1/cmr/m/n/10 228\OML/cmm/m/it/10 :\OT1/cmr/m/n/10 6$\OT1/ptm/m/n/10 FPS) on RTX 3050
 []


Underfull \hbox (badness 1661) in paragraph at lines 327--328
\OT1/ptm/m/n/10 video). Zero-shot evaluations on the external Hard Hat
 []

(./main.bbl
Underfull \hbox (badness 1881) in paragraph at lines 30--31
[]\OT1/ptm/m/n/8 G. Jocher and J. Qiu, ``Ultralytics YOLO11 documentation and
 []




Underfull \hbox (badness 1509) in paragraph at lines 51--52
[]\OT1/ptm/m/n/8 J. Feng, X. Fan, Y. Chen, and Y. Li, ``Dynamic attention and
 []


Underfull \hbox (badness 2126) in paragraph at lines 54--55
[]\OT1/ptm/m/n/8 Z. Yang, Q. Guan, K. Zhao, J. Yang, X. Xu, H. Long, and
 []


Underfull \hbox (badness 3769) in paragraph at lines 57--58
[]\OT1/ptm/m/n/8 J.-W. Hsieh, M.-Y. Kao, G. W. Kurniawan, and K.-C. Peng,
 []

)

** Conference Paper **
Before submitting the final camera ready copy, remember to:

 1. Manually equalize the lengths of two columns on the last page
 of your paper;

 2. Ensure that any PostScript and/or PDF output post-processing
 uses only Type 1 fonts and that every step in the generation
 process uses the appropriate paper size.



[6] (./main.aux)
 ***********
LaTeX2e <2025-06-01> patch level 1
L3 programming layer <2025-05-26>
 ***********
 ) 
Here is how much of TeX's memory you used:
 4032 strings out of 469867
 65122 string characters out of 5482749
 489587 words of memory out of 5000000
 32289 multiletter control sequences out of 15000+600000
 670317 words of font info for 121 fonts, out of 8000000 for 9000
 14 hyphenation exceptions out of 8191
 57i,14n,65p,1782b,331s stack positions out of 10000i,1000n,20000p,200000b,200000s
<c:/Users/ADMIN/AppData/Roaming/TinyTeX/texmf-dist/fonts/type1/public/amsfonts/cm/cmbx10.pfb><c:/Users/ADMIN/AppData/Roaming/TinyTeX/texmf-dist/fonts/type1/public/amsfonts/cm/cmex10.pfb><c:/Users/ADMIN/AppData/Roaming/TinyTeX/texmf-dist/fonts/type1/public/amsfonts/cm/cmmi10.pfb><c:/Users/ADMIN/AppData/Roaming/TinyTeX/texmf-dist/fonts/type1/public/amsfonts/cm/cmmi5.pfb><c:/Users/ADMIN/AppData/Roaming/TinyTeX/texmf-dist/fonts/type1/public/amsfonts/cm/cmmi7.pfb><c:/Users/ADMIN/AppData/Roaming/TinyTeX/texmf-dist/fonts/type1/public/amsfonts/cm/cmmi8.pfb><c:/Users/ADMIN/AppData/Roaming/TinyTeX/texmf-dist/fonts/type1/public/amsfonts/cm/cmr10.pfb><c:/Users/ADMIN/AppData/Roaming/TinyTeX/texmf-dist/fonts/type1/public/amsfonts/cm/cmr6.pfb><c:/Users/ADMIN/AppData/Roaming/TinyTeX/texmf-dist/fonts/type1/public/amsfonts/cm/cmr7.pfb><c:/Users/ADMIN/AppData/Roaming/TinyTeX/texmf-dist/fonts/type1/public/amsfonts/cm/cmr8.pfb><c:/Users/ADMIN/AppData/Roaming/TinyTeX/texmf-dist/fonts/type1/public/amsfonts/cm/cmsy10.pfb><c:/Users/ADMIN/AppData/Roaming/TinyTeX/texmf-dist/fonts/type1/public/amsfonts/cm/cmsy6.pfb><c:/Users/ADMIN/AppData/Roaming/TinyTeX/texmf-dist/fonts/type1/public/amsfonts/cm/cmsy7.pfb><c:/Users/ADMIN/AppData/Roaming/TinyTeX/texmf-dist/fonts/type1/public/amsfonts/cm/cmsy8.pfb><c:/Users/ADMIN/AppData/Roaming/TinyTeX/texmf-dist/fonts/type1/public/amsfonts/symbols/msbm10.pfb><c:/Users/ADMIN/AppData/Roaming/TinyTeX/texmf-dist/fonts/type1/urw/times/utmb8a.pfb><c:/Users/ADMIN/AppData/Roaming/TinyTeX/texmf-dist/fonts/type1/urw/times/utmbi8a.pfb><c:/Users/ADMIN/AppData/Roaming/TinyTeX/texmf-dist/fonts/type1/urw/times/utmr8a.pfb><c:/Users/ADMIN/AppData/Roaming/TinyTeX/texmf-dist/fonts/type1/urw/times/utmri8a.pfb>
Output written on main.pdf (6 pages, 7043533 bytes).
PDF statistics:
 127 PDF objects out of 1000 (max. 8388607)
 73 compressed objects within 1 object stream
 0 named destinations out of 1000 (max. 500000)
 21 words of extra memory for PDF output out of 10000 (max. 10000000)

